嵌套 Vec: [[1], []]
Map 元素: [{"k": 1}, {}]
str 元素: ["甲", ""] 3 0
结构体元素: [P { x: 100, name: 七 }, P { x: 7, name: 改过 }, P { x: 7, name: 七 }]
枚举元素: [Empty, Tag(_0: 载荷)]
填充值每格独立: [[1, 2, 99], [1, 2]] 原填充值: [1, 2]
截断: [[1]] [P { x: 100, name: 七 }] 1 1
归零: [] 0
str 截断: 1 69
pop 丢弃: ["甲甲甲甲甲甲甲甲甲甲甲甲甲甲甲甲甲甲甲甲甲甲甲甲甲甲甲甲甲甲甲甲甲甲甲甲甲甲甲甲"]
500 -> 10: 10 [[0], [1], [2], [3],
