局部 Vec: [] 0
push 之后: [7]
局部 Map: {"k": 1} 1
局部 str: [] 0 true 0
数组里的 Vec: [[1], [2]]
数组里的 Map: [{"甲": 1}]
数组里的 str: ["", ""] true
结构体: P { x: 0, name: 无名, items: [] }
改字段: P { x: 0, name: 无名, items: [9] }
结构体数组: [P { x: 0, name: 无名, items: [] }, P { x: 5, name: 无名, items: [] }]
全局标量: 0 false 0
全局 Vec: [1, 2]
全局 Map: {"k": [9, 10]}
全局数组: [[5], [6]]
