neg(3.7)        = -3.7
neg(-3.7)       = 3.7
neg(0.0)        = -0.0
-z              = -3.7
str(-z)         = -3.7
let a = -z      = -3.7
twice(1.25)     = 1.25
-z + 0.0        = -3.7
1.0 - -z        = 4.7
-z * 2.0        = -7.4
sum_neg(1.5, 2) = -3.5
-3.7            = -3.7
-G              = -2.5
-z as i64       = -3
(-z) as i64     = -3
-(z as i64)     = -3
-i              = -5
str(-i)         = -5
-z < 0          = 是
neg(1) < neg(2) = 是（-1 > -2）
