&m as *i64      = 7 8
(&m) as *i64    = 7
&v as *P        = 3 4
*q as i64       = 42
*q as f64       = 42.0
2 * 3 as f64    = 6.0
5 as f64 / 2    = 2.5
7 / 2 as f64    = 3.5
2 ** 3 as f64   = 8.0
-z as i64       = -3
(-z) as i64     = -3
-(z as i64)     = -3
-w as u64       = 9
5 as i64 as f64 = 5.0
3.9 as i64 as f64 = 3.0
地址非零        = true
cast 回来       = 42
first(&m as *i64) = 7
